I'm sorry, but errors were detected in your script. Please correct the
errors listed below, and try again.


File "game/script.rpy", line 204: end of line expected.
    hide mSUMsmile flip:
                       ^

Ren'Py Version: Ren'Py 7.3.5.606
Sun Apr 26 18:24:00 2020
